Archive member included because of file (symbol)

/usr/lib/gcc/avr/4.7.1/avr4/libgcc.a(_exit.o)
                              /usr/lib/gcc/avr/4.7.1/../../../../avr/lib/avr4/crtm8.o (exit)
/usr/lib/gcc/avr/4.7.1/avr4/libgcc.a(_copy_data.o)
                              obj/Release/main.o (__do_copy_data)
/usr/lib/gcc/avr/4.7.1/avr4/libgcc.a(_clear_bss.o)
                              obj/Release/timers.o (__do_clear_bss)
/usr/lib/gcc/avr/4.7.1/../../../../avr/lib/avr4/libc.a(sprintf.o)
                              obj/Release/therm_ds18b20.o (sprintf)
/usr/lib/gcc/avr/4.7.1/../../../../avr/lib/avr4/libc.a(vfprintf_std.o)
                              /usr/lib/gcc/avr/4.7.1/../../../../avr/lib/avr4/libc.a(sprintf.o) (vfprintf)
/usr/lib/gcc/avr/4.7.1/../../../../avr/lib/avr4/libc.a(strnlen_P.o)
                              /usr/lib/gcc/avr/4.7.1/../../../../avr/lib/avr4/libc.a(vfprintf_std.o) (strnlen_P)
/usr/lib/gcc/avr/4.7.1/../../../../avr/lib/avr4/libc.a(strnlen.o)
                              /usr/lib/gcc/avr/4.7.1/../../../../avr/lib/avr4/libc.a(vfprintf_std.o) (strnlen)
/usr/lib/gcc/avr/4.7.1/../../../../avr/lib/avr4/libc.a(fputc.o)
                              /usr/lib/gcc/avr/4.7.1/../../../../avr/lib/avr4/libc.a(vfprintf_std.o) (fputc)
/usr/lib/gcc/avr/4.7.1/../../../../avr/lib/avr4/libc.a(ultoa_invert.o)
                              /usr/lib/gcc/avr/4.7.1/../../../../avr/lib/avr4/libc.a(vfprintf_std.o) (__ultoa_invert)
/usr/lib/gcc/avr/4.7.1/avr4/libgcc.a(_prologue.o)
                              /usr/lib/gcc/avr/4.7.1/../../../../avr/lib/avr4/libc.a(sprintf.o) (__prologue_saves__)
/usr/lib/gcc/avr/4.7.1/avr4/libgcc.a(_epilogue.o)
                              /usr/lib/gcc/avr/4.7.1/../../../../avr/lib/avr4/libc.a(sprintf.o) (__epilogue_restores__)

Allocating common symbols
Common symbol       size              file

SWtimers            0x20              obj/Release/timers.o

Memory Configuration

Name             Origin             Length             Attributes
text             0x0000000000000000 0x0000000000002000 xr
data             0x0000000000800060 0x000000000000ffa0 rw !x
eeprom           0x0000000000810000 0x0000000000010000 rw !x
fuse             0x0000000000820000 0x0000000000000400 rw !x
lock             0x0000000000830000 0x0000000000000400 rw !x
signature        0x0000000000840000 0x0000000000000400 rw !x
*default*        0x0000000000000000 0xffffffffffffffff

Linker script and memory map

LOAD /usr/lib/gcc/avr/4.7.1/../../../../avr/lib/avr4/crtm8.o
LOAD obj/Release/USART.o
LOAD obj/Release/initialization.o
LOAD obj/Release/macLevel.o
LOAD obj/Release/main.o
LOAD obj/Release/protocol_low.o
LOAD obj/Release/rfm70.o
LOAD obj/Release/spi.o
LOAD obj/Release/therm_ds18b20.o
LOAD obj/Release/timers.o
LOAD /usr/lib/gcc/avr/4.7.1/avr4/libgcc.a
LOAD /usr/lib/gcc/avr/4.7.1/../../../../avr/lib/avr4/libm.a
LOAD /usr/lib/gcc/avr/4.7.1/avr4/libgcc.a
LOAD /usr/lib/gcc/avr/4.7.1/../../../../avr/lib/avr4/libc.a
LOAD /usr/lib/gcc/avr/4.7.1/avr4/libgcc.a

.hash
 *(.hash)

.dynsym
 *(.dynsym)

.dynstr
 *(.dynstr)

.gnu.version
 *(.gnu.version)

.gnu.version_d
 *(.gnu.version_d)

.gnu.version_r
 *(.gnu.version_r)

.rel.init
 *(.rel.init)

.rela.init
 *(.rela.init)

.rel.text
 *(.rel.text)
 *(.rel.text.*)
 *(.rel.gnu.linkonce.t*)

.rela.text
 *(.rela.text)
 *(.rela.text.*)
 *(.rela.gnu.linkonce.t*)

.rel.fini
 *(.rel.fini)

.rela.fini
 *(.rela.fini)

.rel.rodata
 *(.rel.rodata)
 *(.rel.rodata.*)
 *(.rel.gnu.linkonce.r*)

.rela.rodata
 *(.rela.rodata)
 *(.rela.rodata.*)
 *(.rela.gnu.linkonce.r*)

.rel.data
 *(.rel.data)
 *(.rel.data.*)
 *(.rel.gnu.linkonce.d*)

.rela.data
 *(.rela.data)
 *(.rela.data.*)
 *(.rela.gnu.linkonce.d*)

.rel.ctors
 *(.rel.ctors)

.rela.ctors
 *(.rela.ctors)

.rel.dtors
 *(.rel.dtors)

.rela.dtors
 *(.rela.dtors)

.rel.got
 *(.rel.got)

.rela.got
 *(.rela.got)

.rel.bss
 *(.rel.bss)

.rela.bss
 *(.rela.bss)

.rel.plt
 *(.rel.plt)

.rela.plt
 *(.rela.plt)

.text           0x0000000000000000     0x1016
 *(.vectors)
 .vectors       0x0000000000000000       0x26 /usr/lib/gcc/avr/4.7.1/../../../../avr/lib/avr4/crtm8.o
                0x0000000000000000                __vectors
                0x0000000000000000                __vector_default
 *(.vectors)
 *(.progmem.gcc*)
 *(.progmem*)
                0x0000000000000026                . = ALIGN (0x2)
                0x0000000000000026                __trampolines_start = .
 *(.trampolines)
 .trampolines   0x0000000000000026        0x0 linker stubs
 *(.trampolines*)
                0x0000000000000026                __trampolines_end = .
 *(.jumptables)
 *(.jumptables*)
 *(.lowtext)
 *(.lowtext*)
                0x0000000000000026                __ctors_start = .
 *(.ctors)
                0x0000000000000026                __ctors_end = .
                0x0000000000000026                __dtors_start = .
 *(.dtors)
                0x0000000000000026                __dtors_end = .
 SORT(*)(.ctors)
 SORT(*)(.dtors)
 *(.init0)
 .init0         0x0000000000000026        0x0 /usr/lib/gcc/avr/4.7.1/../../../../avr/lib/avr4/crtm8.o
                0x0000000000000026                __init
 *(.init0)
 *(.init1)
 *(.init1)
 *(.init2)
 .init2         0x0000000000000026        0xc /usr/lib/gcc/avr/4.7.1/../../../../avr/lib/avr4/crtm8.o
 *(.init2)
 *(.init3)
 *(.init3)
 *(.init4)
 .init4         0x0000000000000032       0x16 /usr/lib/gcc/avr/4.7.1/avr4/libgcc.a(_copy_data.o)
                0x0000000000000032                __do_copy_data
 .init4         0x0000000000000048       0x10 /usr/lib/gcc/avr/4.7.1/avr4/libgcc.a(_clear_bss.o)
                0x0000000000000048                __do_clear_bss
 *(.init4)
 *(.init5)
 *(.init5)
 *(.init6)
 *(.init6)
 *(.init7)
 *(.init7)
 *(.init8)
 *(.init8)
 *(.init9)
 .init9         0x0000000000000058        0x4 /usr/lib/gcc/avr/4.7.1/../../../../avr/lib/avr4/crtm8.o
 *(.init9)
 *(.text)
 .text          0x000000000000005c        0x2 /usr/lib/gcc/avr/4.7.1/../../../../avr/lib/avr4/crtm8.o
                0x000000000000005c                __vector_1
                0x000000000000005c                __vector_12
                0x000000000000005c                __bad_interrupt
                0x000000000000005c                __vector_3
                0x000000000000005c                __vector_11
                0x000000000000005c                __vector_13
                0x000000000000005c                __vector_17
                0x000000000000005c                __vector_7
                0x000000000000005c                __vector_5
                0x000000000000005c                __vector_4
                0x000000000000005c                __vector_9
                0x000000000000005c                __vector_2
                0x000000000000005c                __vector_15
                0x000000000000005c                __vector_8
                0x000000000000005c                __vector_14
                0x000000000000005c                __vector_10
                0x000000000000005c                __vector_16
                0x000000000000005c                __vector_18
 .text          0x000000000000005e       0x8a obj/Release/USART.o
                0x000000000000005e                USART_init
                0x000000000000006c                USART_SEND
                0x0000000000000074                debug_send
                0x0000000000000094                LED_action
 .text          0x00000000000000e8       0x3a obj/Release/initialization.o
                0x00000000000000e8                init_periph
                0x00000000000000ec                init_io
                0x000000000000010e                init_all
 .text          0x0000000000000122        0x0 obj/Release/macLevel.o
 .text          0x0000000000000122       0x12 obj/Release/main.o
                0x0000000000000122                main
 .text          0x0000000000000134        0x0 obj/Release/protocol_low.o
 .text          0x0000000000000134      0x56a obj/Release/rfm70.o
                0x0000000000000134                rfm70_register_write
                0x0000000000000164                rfm70_register_read
                0x0000000000000180                rfm70_buffer_read
                0x00000000000001b8                rfm70_buffer_write
                0x00000000000001f4                rfm70_bank
                0x0000000000000214                rfm70_init_bank1
                0x00000000000002e4                rfm70_is_present
                0x0000000000000310                rfm70_mode_receive
                0x0000000000000334                rfm70_mode_transmit
                0x000000000000035a                rfm70_mode_standby
                0x000000000000036a                rfm70_mode_powerdown
                0x000000000000037a                rfm70_channel
                0x0000000000000382                rfm70_air_data_rate
                0x00000000000003a2                rfm70_crc_length
                0x00000000000003ec                rfm70_address_length
                0x0000000000000406                rfm70_transmit_fifo_full
                0x0000000000000412                rfm70_receive_fifo_empty
                0x000000000000041a                rfm70_receive_address_p0
                0x0000000000000422                rfm70_receive_address_p1
                0x000000000000042a                rfm70_receive_address_pn
                0x000000000000042e                rfm70_transmit_address
                0x0000000000000436                rfm70_retransmit_count
                0x000000000000043e                rfm70_lost_packets_count
                0x0000000000000448                rfm70_pipe_autoack
                0x00000000000004a0                rfm70_pipe_enable
                0x00000000000004f8                rfm70_lost_packets_reset
                0x0000000000000502                rfm70_retransmit_delay_attempts
                0x0000000000000512                rfm70_lna_high
                0x000000000000051e                rfm70_lna_low
                0x000000000000052a                rfm70_power
                0x0000000000000550                rfm70_channel_payload_size
                0x00000000000005ae                rfm70_transmit_message
                0x00000000000005bc                rfm70_transmit_message_once
                0x00000000000005ca                rfm70_receive_next_pipe
                0x00000000000005d4                rfm70_receive_next_length
                0x00000000000005d8                rfm70_receive
                0x0000000000000622                rfm70_init
 .text          0x000000000000069e       0x44 obj/Release/spi.o
                0x000000000000069e                SPI_MasterInit
                0x00000000000006a8                SPI_RW
                0x00000000000006b2                RFM70_CSN
                0x00000000000006be                RFM70_CE
                0x00000000000006ca                RFM70_MOSI
                0x00000000000006d6                RFM70_SCK
 .text          0x00000000000006e2      0x1ae obj/Release/therm_ds18b20.o
                0x00000000000006e2                therm_delay
                0x00000000000006f6                therm_reset
                0x0000000000000726                therm_write_bit
                0x0000000000000740                therm_read_bit
                0x000000000000075c                therm_read_byte
                0x000000000000077e                therm_write_byte
                0x0000000000000798                therm_read_temperature
                0x0000000000000822                therm_read_temperature2
 .text          0x0000000000000890      0x1f6 obj/Release/timers.o
                0x0000000000000890                init_timer1
                0x00000000000008a6                start_timer1
                0x00000000000008ac                stop_timer1
                0x00000000000008b2                reset_timer1
                0x00000000000008b8                __vector_6
                0x000000000000098a                go_to_sleep
                0x00000000000009a0                SW_timer_handler
 .text          0x0000000000000a86        0x0 /usr/lib/gcc/avr/4.7.1/avr4/libgcc.a(_exit.o)
 .text          0x0000000000000a86        0x0 /usr/lib/gcc/avr/4.7.1/avr4/libgcc.a(_copy_data.o)
 .text          0x0000000000000a86        0x0 /usr/lib/gcc/avr/4.7.1/avr4/libgcc.a(_clear_bss.o)
 .text          0x0000000000000a86        0x0 /usr/lib/gcc/avr/4.7.1/../../../../avr/lib/avr4/libc.a(sprintf.o)
 .text          0x0000000000000a86        0x0 /usr/lib/gcc/avr/4.7.1/../../../../avr/lib/avr4/libc.a(vfprintf_std.o)
 .text          0x0000000000000a86        0x0 /usr/lib/gcc/avr/4.7.1/../../../../avr/lib/avr4/libc.a(strnlen_P.o)
 .text          0x0000000000000a86        0x0 /usr/lib/gcc/avr/4.7.1/../../../../avr/lib/avr4/libc.a(strnlen.o)
 .text          0x0000000000000a86        0x0 /usr/lib/gcc/avr/4.7.1/../../../../avr/lib/avr4/libc.a(fputc.o)
 .text          0x0000000000000a86        0x0 /usr/lib/gcc/avr/4.7.1/../../../../avr/lib/avr4/libc.a(ultoa_invert.o)
 .text          0x0000000000000a86        0x0 /usr/lib/gcc/avr/4.7.1/avr4/libgcc.a(_prologue.o)
 .text          0x0000000000000a86        0x0 /usr/lib/gcc/avr/4.7.1/avr4/libgcc.a(_epilogue.o)
                0x0000000000000a86                . = ALIGN (0x2)
 *(.text.*)
 .text.libgcc.mul
                0x0000000000000a86        0x0 /usr/lib/gcc/avr/4.7.1/avr4/libgcc.a(_exit.o)
 .text.libgcc.div
                0x0000000000000a86        0x0 /usr/lib/gcc/avr/4.7.1/avr4/libgcc.a(_exit.o)
 .text.libgcc   0x0000000000000a86        0x0 /usr/lib/gcc/avr/4.7.1/avr4/libgcc.a(_exit.o)
 .text.libgcc.prologue
                0x0000000000000a86        0x0 /usr/lib/gcc/avr/4.7.1/avr4/libgcc.a(_exit.o)
 .text.libgcc.builtins
                0x0000000000000a86        0x0 /usr/lib/gcc/avr/4.7.1/avr4/libgcc.a(_exit.o)
 .text.libgcc.fmul
                0x0000000000000a86        0x0 /usr/lib/gcc/avr/4.7.1/avr4/libgcc.a(_exit.o)
 .text.libgcc.mul
                0x0000000000000a86        0x0 /usr/lib/gcc/avr/4.7.1/avr4/libgcc.a(_copy_data.o)
 .text.libgcc.div
                0x0000000000000a86        0x0 /usr/lib/gcc/avr/4.7.1/avr4/libgcc.a(_copy_data.o)
 .text.libgcc   0x0000000000000a86        0x0 /usr/lib/gcc/avr/4.7.1/avr4/libgcc.a(_copy_data.o)
 .text.libgcc.prologue
                0x0000000000000a86        0x0 /usr/lib/gcc/avr/4.7.1/avr4/libgcc.a(_copy_data.o)
 .text.libgcc.builtins
                0x0000000000000a86        0x0 /usr/lib/gcc/avr/4.7.1/avr4/libgcc.a(_copy_data.o)
 .text.libgcc.fmul
                0x0000000000000a86        0x0 /usr/lib/gcc/avr/4.7.1/avr4/libgcc.a(_copy_data.o)
 .text.libgcc.mul
                0x0000000000000a86        0x0 /usr/lib/gcc/avr/4.7.1/avr4/libgcc.a(_clear_bss.o)
 .text.libgcc.div
                0x0000000000000a86        0x0 /usr/lib/gcc/avr/4.7.1/avr4/libgcc.a(_clear_bss.o)
 .text.libgcc   0x0000000000000a86        0x0 /usr/lib/gcc/avr/4.7.1/avr4/libgcc.a(_clear_bss.o)
 .text.libgcc.prologue
                0x0000000000000a86        0x0 /usr/lib/gcc/avr/4.7.1/avr4/libgcc.a(_clear_bss.o)
 .text.libgcc.builtins
                0x0000000000000a86        0x0 /usr/lib/gcc/avr/4.7.1/avr4/libgcc.a(_clear_bss.o)
 .text.libgcc.fmul
                0x0000000000000a86        0x0 /usr/lib/gcc/avr/4.7.1/avr4/libgcc.a(_clear_bss.o)
 .text.avr-libc
                0x0000000000000a86       0x42 /usr/lib/gcc/avr/4.7.1/../../../../avr/lib/avr4/libc.a(sprintf.o)
                0x0000000000000a86                sprintf
 .text.avr-libc
                0x0000000000000ac8      0x39c /usr/lib/gcc/avr/4.7.1/../../../../avr/lib/avr4/libc.a(vfprintf_std.o)
                0x0000000000000ac8                vfprintf
 .text.avr-libc
                0x0000000000000e64       0x16 /usr/lib/gcc/avr/4.7.1/../../../../avr/lib/avr4/libc.a(strnlen_P.o)
                0x0000000000000e64                strnlen_P
 .text.avr-libc
                0x0000000000000e7a       0x16 /usr/lib/gcc/avr/4.7.1/../../../../avr/lib/avr4/libc.a(strnlen.o)
                0x0000000000000e7a                strnlen
 .text.avr-libc
                0x0000000000000e90       0x58 /usr/lib/gcc/avr/4.7.1/../../../../avr/lib/avr4/libc.a(fputc.o)
                0x0000000000000e90                fputc
 .text.avr-libc
                0x0000000000000ee8       0xbc /usr/lib/gcc/avr/4.7.1/../../../../avr/lib/avr4/libc.a(ultoa_invert.o)
                0x0000000000000ee8                __ultoa_invert
 .text.libgcc.mul
                0x0000000000000fa4        0x0 /usr/lib/gcc/avr/4.7.1/avr4/libgcc.a(_prologue.o)
 .text.libgcc.div
                0x0000000000000fa4        0x0 /usr/lib/gcc/avr/4.7.1/avr4/libgcc.a(_prologue.o)
 .text.libgcc   0x0000000000000fa4        0x0 /usr/lib/gcc/avr/4.7.1/avr4/libgcc.a(_prologue.o)
 .text.libgcc.prologue
                0x0000000000000fa4       0x38 /usr/lib/gcc/avr/4.7.1/avr4/libgcc.a(_prologue.o)
                0x0000000000000fa4                __prologue_saves__
 .text.libgcc.builtins
                0x0000000000000fdc        0x0 /usr/lib/gcc/avr/4.7.1/avr4/libgcc.a(_prologue.o)
 .text.libgcc.fmul
                0x0000000000000fdc        0x0 /usr/lib/gcc/avr/4.7.1/avr4/libgcc.a(_prologue.o)
 .text.libgcc.mul
                0x0000000000000fdc        0x0 /usr/lib/gcc/avr/4.7.1/avr4/libgcc.a(_epilogue.o)
 .text.libgcc.div
                0x0000000000000fdc        0x0 /usr/lib/gcc/avr/4.7.1/avr4/libgcc.a(_epilogue.o)
 .text.libgcc   0x0000000000000fdc        0x0 /usr/lib/gcc/avr/4.7.1/avr4/libgcc.a(_epilogue.o)
 .text.libgcc.prologue
                0x0000000000000fdc       0x36 /usr/lib/gcc/avr/4.7.1/avr4/libgcc.a(_epilogue.o)
                0x0000000000000fdc                __epilogue_restores__
 .text.libgcc.builtins
                0x0000000000001012        0x0 /usr/lib/gcc/avr/4.7.1/avr4/libgcc.a(_epilogue.o)
 .text.libgcc.fmul
                0x0000000000001012        0x0 /usr/lib/gcc/avr/4.7.1/avr4/libgcc.a(_epilogue.o)
                0x0000000000001012                . = ALIGN (0x2)
 *(.fini9)
 .fini9         0x0000000000001012        0x0 /usr/lib/gcc/avr/4.7.1/avr4/libgcc.a(_exit.o)
                0x0000000000001012                exit
                0x0000000000001012                _exit
 *(.fini9)
 *(.fini8)
 *(.fini8)
 *(.fini7)
 *(.fini7)
 *(.fini6)
 *(.fini6)
 *(.fini5)
 *(.fini5)
 *(.fini4)
 *(.fini4)
 *(.fini3)
 *(.fini3)
 *(.fini2)
 *(.fini2)
 *(.fini1)
 *(.fini1)
 *(.fini0)
 .fini0         0x0000000000001012        0x4 /usr/lib/gcc/avr/4.7.1/avr4/libgcc.a(_exit.o)
 *(.fini0)
                0x0000000000001016                _etext = .

.data           0x0000000000800060       0x80 load address 0x0000000000001016
                0x0000000000800060                PROVIDE (__data_start, .)
 *(.data)
 .data          0x0000000000800060        0x0 /usr/lib/gcc/avr/4.7.1/../../../../avr/lib/avr4/crtm8.o
 .data          0x0000000000800060        0x0 obj/Release/USART.o
 .data          0x0000000000800060        0x0 obj/Release/initialization.o
 .data          0x0000000000800060        0x0 obj/Release/macLevel.o
 .data          0x0000000000800060       0x16 obj/Release/main.o
 .data          0x0000000000800076        0x0 obj/Release/protocol_low.o
 .data          0x0000000000800076        0x0 obj/Release/rfm70.o
 .data          0x0000000000800076        0x0 obj/Release/spi.o
 .data          0x0000000000800076        0x0 obj/Release/therm_ds18b20.o
 .data          0x0000000000800076        0x0 obj/Release/timers.o
 .data          0x0000000000800076        0x0 /usr/lib/gcc/avr/4.7.1/avr4/libgcc.a(_exit.o)
 .data          0x0000000000800076        0x0 /usr/lib/gcc/avr/4.7.1/avr4/libgcc.a(_copy_data.o)
 .data          0x0000000000800076        0x0 /usr/lib/gcc/avr/4.7.1/avr4/libgcc.a(_clear_bss.o)
 .data          0x0000000000800076        0x0 /usr/lib/gcc/avr/4.7.1/../../../../avr/lib/avr4/libc.a(sprintf.o)
 .data          0x0000000000800076        0x0 /usr/lib/gcc/avr/4.7.1/../../../../avr/lib/avr4/libc.a(vfprintf_std.o)
 .data          0x0000000000800076        0x0 /usr/lib/gcc/avr/4.7.1/../../../../avr/lib/avr4/libc.a(strnlen_P.o)
 .data          0x0000000000800076        0x0 /usr/lib/gcc/avr/4.7.1/../../../../avr/lib/avr4/libc.a(strnlen.o)
 .data          0x0000000000800076        0x0 /usr/lib/gcc/avr/4.7.1/../../../../avr/lib/avr4/libc.a(fputc.o)
 .data          0x0000000000800076        0x0 /usr/lib/gcc/avr/4.7.1/../../../../avr/lib/avr4/libc.a(ultoa_invert.o)
 .data          0x0000000000800076        0x0 /usr/lib/gcc/avr/4.7.1/avr4/libgcc.a(_prologue.o)
 .data          0x0000000000800076        0x0 /usr/lib/gcc/avr/4.7.1/avr4/libgcc.a(_epilogue.o)
 *(.data*)
 *(.rodata)
 .rodata        0x0000000000800076       0x5c obj/Release/rfm70.o
                0x0000000000800076                Bank1_Reg14
                0x0000000000800081                Bank1_Reg0_13
                0x00000000008000b9                RX0_Address
                0x00000000008000be                Bank0_Reg
 *(.rodata*)
 .rodata.str1.1
                0x00000000008000d2        0xd obj/Release/therm_ds18b20.o
 *(.gnu.linkonce.d*)
                0x00000000008000e0                . = ALIGN (0x2)
 *fill*         0x00000000008000df        0x1 00
                0x00000000008000e0                _edata = .
                0x00000000008000e0                PROVIDE (__data_end, .)

.bss            0x00000000008000e0       0x22
                0x00000000008000e0                PROVIDE (__bss_start, .)
 *(.bss)
 .bss           0x00000000008000e0        0x0 /usr/lib/gcc/avr/4.7.1/../../../../avr/lib/avr4/crtm8.o
 .bss           0x00000000008000e0        0x0 obj/Release/USART.o
 .bss           0x00000000008000e0        0x0 obj/Release/initialization.o
 .bss           0x00000000008000e0        0x0 obj/Release/macLevel.o
 .bss           0x00000000008000e0        0x0 obj/Release/main.o
 .bss           0x00000000008000e0        0x0 obj/Release/protocol_low.o
 .bss           0x00000000008000e0        0x0 obj/Release/rfm70.o
 .bss           0x00000000008000e0        0x0 obj/Release/spi.o
 .bss           0x00000000008000e0        0x0 obj/Release/therm_ds18b20.o
 .bss           0x00000000008000e0        0x2 obj/Release/timers.o
                0x00000000008000e0                SWtimerFlags
 .bss           0x00000000008000e2        0x0 /usr/lib/gcc/avr/4.7.1/avr4/libgcc.a(_exit.o)
 .bss           0x00000000008000e2        0x0 /usr/lib/gcc/avr/4.7.1/avr4/libgcc.a(_copy_data.o)
 .bss           0x00000000008000e2        0x0 /usr/lib/gcc/avr/4.7.1/avr4/libgcc.a(_clear_bss.o)
 .bss           0x00000000008000e2        0x0 /usr/lib/gcc/avr/4.7.1/../../../../avr/lib/avr4/libc.a(sprintf.o)
 .bss           0x00000000008000e2        0x0 /usr/lib/gcc/avr/4.7.1/../../../../avr/lib/avr4/libc.a(vfprintf_std.o)
 .bss           0x00000000008000e2        0x0 /usr/lib/gcc/avr/4.7.1/../../../../avr/lib/avr4/libc.a(strnlen_P.o)
 .bss           0x00000000008000e2        0x0 /usr/lib/gcc/avr/4.7.1/../../../../avr/lib/avr4/libc.a(strnlen.o)
 .bss           0x00000000008000e2        0x0 /usr/lib/gcc/avr/4.7.1/../../../../avr/lib/avr4/libc.a(fputc.o)
 .bss           0x00000000008000e2        0x0 /usr/lib/gcc/avr/4.7.1/../../../../avr/lib/avr4/libc.a(ultoa_invert.o)
 .bss           0x00000000008000e2        0x0 /usr/lib/gcc/avr/4.7.1/avr4/libgcc.a(_prologue.o)
 .bss           0x00000000008000e2        0x0 /usr/lib/gcc/avr/4.7.1/avr4/libgcc.a(_epilogue.o)
 *(.bss*)
 *(COMMON)
 COMMON         0x00000000008000e2       0x20 obj/Release/timers.o
                0x00000000008000e2                SWtimers
                0x0000000000800102                PROVIDE (__bss_end, .)
                0x0000000000001016                __data_load_start = LOADADDR (.data)
                0x0000000000001096                __data_load_end = (__data_load_start + SIZEOF (.data))

.noinit         0x0000000000800102        0x0
                0x0000000000800102                PROVIDE (__noinit_start, .)
 *(.noinit*)
                0x0000000000800102                PROVIDE (__noinit_end, .)
                0x0000000000800102                _end = .
                0x0000000000800102                PROVIDE (__heap_start, .)

.eeprom         0x0000000000810000        0x0
 *(.eeprom*)
                0x0000000000810000                __eeprom_end = .

.fuse
 *(.fuse)
 *(.lfuse)
 *(.hfuse)
 *(.efuse)

.lock
 *(.lock*)

.signature
 *(.signature*)

.stab           0x0000000000000000     0x21b4
 *(.stab)
 .stab          0x0000000000000000      0x6cc /usr/lib/gcc/avr/4.7.1/../../../../avr/lib/avr4/crtm8.o
 .stab          0x00000000000006cc       0x6c /usr/lib/gcc/avr/4.7.1/avr4/libgcc.a(_exit.o)
                                         0x78 (size before relaxing)
 .stab          0x0000000000000738       0xd8 /usr/lib/gcc/avr/4.7.1/avr4/libgcc.a(_copy_data.o)
                                         0xe4 (size before relaxing)
 .stab          0x0000000000000810       0xb4 /usr/lib/gcc/avr/4.7.1/avr4/libgcc.a(_clear_bss.o)
                                         0xc0 (size before relaxing)
 .stab          0x00000000000008c4      0x3d8 /usr/lib/gcc/avr/4.7.1/../../../../avr/lib/avr4/libc.a(sprintf.o)
                                        0x3e4 (size before relaxing)
 .stab          0x0000000000000c9c      0xa44 /usr/lib/gcc/avr/4.7.1/../../../../avr/lib/avr4/libc.a(vfprintf_std.o)
                                        0xc24 (size before relaxing)
 .stab          0x00000000000016e0       0x9c /usr/lib/gcc/avr/4.7.1/../../../../avr/lib/avr4/libc.a(strnlen_P.o)
                                         0xa8 (size before relaxing)
 .stab          0x000000000000177c       0x9c /usr/lib/gcc/avr/4.7.1/../../../../avr/lib/avr4/libc.a(strnlen.o)
                                         0xa8 (size before relaxing)
 .stab          0x0000000000001818      0x1d4 /usr/lib/gcc/avr/4.7.1/../../../../avr/lib/avr4/libc.a(fputc.o)
                                        0x3b4 (size before relaxing)
 .stab          0x00000000000019ec      0x480 /usr/lib/gcc/avr/4.7.1/../../../../avr/lib/avr4/libc.a(ultoa_invert.o)
                                        0x48c (size before relaxing)
 .stab          0x0000000000001e6c      0x1a4 /usr/lib/gcc/avr/4.7.1/avr4/libgcc.a(_prologue.o)
                                        0x1b0 (size before relaxing)
 .stab          0x0000000000002010      0x1a4 /usr/lib/gcc/avr/4.7.1/avr4/libgcc.a(_epilogue.o)
                                        0x1b0 (size before relaxing)

.stabstr        0x0000000000000000      0xba6
 *(.stabstr)
 .stabstr       0x0000000000000000      0xba6 /usr/lib/gcc/avr/4.7.1/../../../../avr/lib/avr4/crtm8.o

.stab.excl
 *(.stab.excl)

.stab.exclstr
 *(.stab.exclstr)

.stab.index
 *(.stab.index)

.stab.indexstr
 *(.stab.indexstr)

.comment        0x0000000000000000       0x22
 *(.comment)
 .comment       0x0000000000000000       0x11 obj/Release/initialization.o
                                         0x12 (size before relaxing)
 .comment       0x0000000000000000       0x12 obj/Release/macLevel.o
 .comment       0x0000000000000000       0x12 obj/Release/rfm70.o
 .comment       0x0000000000000000       0x12 obj/Release/spi.o
 .comment       0x0000000000000000       0x12 obj/Release/therm_ds18b20.o
 .comment       0x0000000000000011       0x11 /usr/lib/gcc/avr/4.7.1/../../../../avr/lib/avr4/libc.a(sprintf.o)
                                         0x12 (size before relaxing)
 .comment       0x0000000000000000       0x12 /usr/lib/gcc/avr/4.7.1/../../../../avr/lib/avr4/libc.a(vfprintf_std.o)
 .comment       0x0000000000000000       0x12 /usr/lib/gcc/avr/4.7.1/../../../../avr/lib/avr4/libc.a(fputc.o)

.debug
 *(.debug)

.line
 *(.line)

.debug_srcinfo
 *(.debug_srcinfo)

.debug_sfnames
 *(.debug_sfnames)

.debug_aranges
 *(.debug_aranges)

.debug_pubnames
 *(.debug_pubnames)

.debug_info
 *(.debug_info)
 *(.gnu.linkonce.wi.*)

.debug_abbrev
 *(.debug_abbrev)

.debug_line
 *(.debug_line)

.debug_frame
 *(.debug_frame)

.debug_str
 *(.debug_str)

.debug_loc
 *(.debug_loc)

.debug_macinfo
 *(.debug_macinfo)
OUTPUT(bin/Release/WSN_Protocol_FW.elf elf32-avr)
LOAD linker stubs

Cross Reference Table

Symbol                                            File
Bank0_Reg                                         obj/Release/rfm70.o
Bank1_Reg0_13                                     obj/Release/rfm70.o
Bank1_Reg14                                       obj/Release/rfm70.o
LED_action                                        obj/Release/USART.o
                                                  obj/Release/timers.o
RFM70_CE                                          obj/Release/spi.o
                                                  obj/Release/rfm70.o
RFM70_CSN                                         obj/Release/spi.o
                                                  obj/Release/rfm70.o
RFM70_MOSI                                        obj/Release/spi.o
                                                  obj/Release/rfm70.o
RFM70_SCK                                         obj/Release/spi.o
                                                  obj/Release/rfm70.o
RX0_Address                                       obj/Release/rfm70.o
SPI_MasterInit                                    obj/Release/spi.o
                                                  obj/Release/initialization.o
SPI_RW                                            obj/Release/spi.o
                                                  obj/Release/rfm70.o
SW_timer_handler                                  obj/Release/timers.o
                                                  obj/Release/main.o
SWtimerFlags                                      obj/Release/timers.o
SWtimers                                          obj/Release/timers.o
USART_SEND                                        obj/Release/USART.o
USART_init                                        obj/Release/USART.o
                                                  obj/Release/initialization.o
__bad_interrupt                                   /usr/lib/gcc/avr/4.7.1/../../../../avr/lib/avr4/crtm8.o
__bss_end                                         /usr/lib/gcc/avr/4.7.1/avr4/libgcc.a(_clear_bss.o)
__bss_start                                       /usr/lib/gcc/avr/4.7.1/avr4/libgcc.a(_clear_bss.o)
__data_end                                        /usr/lib/gcc/avr/4.7.1/avr4/libgcc.a(_copy_data.o)
__data_load_start                                 /usr/lib/gcc/avr/4.7.1/avr4/libgcc.a(_copy_data.o)
__data_start                                      /usr/lib/gcc/avr/4.7.1/avr4/libgcc.a(_copy_data.o)
__do_clear_bss                                    /usr/lib/gcc/avr/4.7.1/avr4/libgcc.a(_clear_bss.o)
                                                  obj/Release/timers.o
__do_copy_data                                    /usr/lib/gcc/avr/4.7.1/avr4/libgcc.a(_copy_data.o)
                                                  obj/Release/therm_ds18b20.o
                                                  obj/Release/rfm70.o
                                                  obj/Release/main.o
__epilogue_restores__                             /usr/lib/gcc/avr/4.7.1/avr4/libgcc.a(_epilogue.o)
                                                  /usr/lib/gcc/avr/4.7.1/../../../../avr/lib/avr4/libc.a(vfprintf_std.o)
                                                  /usr/lib/gcc/avr/4.7.1/../../../../avr/lib/avr4/libc.a(sprintf.o)
__heap_end                                        /usr/lib/gcc/avr/4.7.1/../../../../avr/lib/avr4/crtm8.o
__init                                            /usr/lib/gcc/avr/4.7.1/../../../../avr/lib/avr4/crtm8.o
__prologue_saves__                                /usr/lib/gcc/avr/4.7.1/avr4/libgcc.a(_prologue.o)
                                                  /usr/lib/gcc/avr/4.7.1/../../../../avr/lib/avr4/libc.a(vfprintf_std.o)
                                                  /usr/lib/gcc/avr/4.7.1/../../../../avr/lib/avr4/libc.a(sprintf.o)
__stack                                           /usr/lib/gcc/avr/4.7.1/../../../../avr/lib/avr4/crtm8.o
__ultoa_invert                                    /usr/lib/gcc/avr/4.7.1/../../../../avr/lib/avr4/libc.a(ultoa_invert.o)
                                                  /usr/lib/gcc/avr/4.7.1/../../../../avr/lib/avr4/libc.a(vfprintf_std.o)
__vector_1                                        /usr/lib/gcc/avr/4.7.1/../../../../avr/lib/avr4/crtm8.o
__vector_10                                       /usr/lib/gcc/avr/4.7.1/../../../../avr/lib/avr4/crtm8.o
__vector_11                                       /usr/lib/gcc/avr/4.7.1/../../../../avr/lib/avr4/crtm8.o
__vector_12                                       /usr/lib/gcc/avr/4.7.1/../../../../avr/lib/avr4/crtm8.o
__vector_13                                       /usr/lib/gcc/avr/4.7.1/../../../../avr/lib/avr4/crtm8.o
__vector_14                                       /usr/lib/gcc/avr/4.7.1/../../../../avr/lib/avr4/crtm8.o
__vector_15                                       /usr/lib/gcc/avr/4.7.1/../../../../avr/lib/avr4/crtm8.o
__vector_16                                       /usr/lib/gcc/avr/4.7.1/../../../../avr/lib/avr4/crtm8.o
__vector_17                                       /usr/lib/gcc/avr/4.7.1/../../../../avr/lib/avr4/crtm8.o
__vector_18                                       /usr/lib/gcc/avr/4.7.1/../../../../avr/lib/avr4/crtm8.o
__vector_2                                        /usr/lib/gcc/avr/4.7.1/../../../../avr/lib/avr4/crtm8.o
__vector_3                                        /usr/lib/gcc/avr/4.7.1/../../../../avr/lib/avr4/crtm8.o
__vector_4                                        /usr/lib/gcc/avr/4.7.1/../../../../avr/lib/avr4/crtm8.o
__vector_5                                        /usr/lib/gcc/avr/4.7.1/../../../../avr/lib/avr4/crtm8.o
__vector_6                                        obj/Release/timers.o
                                                  /usr/lib/gcc/avr/4.7.1/../../../../avr/lib/avr4/crtm8.o
__vector_7                                        /usr/lib/gcc/avr/4.7.1/../../../../avr/lib/avr4/crtm8.o
__vector_8                                        /usr/lib/gcc/avr/4.7.1/../../../../avr/lib/avr4/crtm8.o
__vector_9                                        /usr/lib/gcc/avr/4.7.1/../../../../avr/lib/avr4/crtm8.o
__vector_default                                  /usr/lib/gcc/avr/4.7.1/../../../../avr/lib/avr4/crtm8.o
__vectors                                         /usr/lib/gcc/avr/4.7.1/../../../../avr/lib/avr4/crtm8.o
_exit                                             /usr/lib/gcc/avr/4.7.1/avr4/libgcc.a(_exit.o)
debug_send                                        obj/Release/USART.o
                                                  obj/Release/timers.o
                                                  obj/Release/main.o
exit                                              /usr/lib/gcc/avr/4.7.1/avr4/libgcc.a(_exit.o)
                                                  /usr/lib/gcc/avr/4.7.1/../../../../avr/lib/avr4/crtm8.o
fputc                                             /usr/lib/gcc/avr/4.7.1/../../../../avr/lib/avr4/libc.a(fputc.o)
                                                  /usr/lib/gcc/avr/4.7.1/../../../../avr/lib/avr4/libc.a(vfprintf_std.o)
go_to_sleep                                       obj/Release/timers.o
init_all                                          obj/Release/initialization.o
                                                  obj/Release/main.o
init_io                                           obj/Release/initialization.o
init_periph                                       obj/Release/initialization.o
init_timer1                                       obj/Release/timers.o
                                                  obj/Release/initialization.o
main                                              obj/Release/main.o
                                                  /usr/lib/gcc/avr/4.7.1/../../../../avr/lib/avr4/crtm8.o
reset_timer1                                      obj/Release/timers.o
rfm70_address_length                              obj/Release/rfm70.o
rfm70_air_data_rate                               obj/Release/rfm70.o
rfm70_bank                                        obj/Release/rfm70.o
rfm70_buffer_read                                 obj/Release/rfm70.o
rfm70_buffer_write                                obj/Release/rfm70.o
rfm70_channel                                     obj/Release/rfm70.o
rfm70_channel_payload_size                        obj/Release/rfm70.o
rfm70_crc_length                                  obj/Release/rfm70.o
rfm70_init                                        obj/Release/rfm70.o
                                                  obj/Release/initialization.o
rfm70_init_bank1                                  obj/Release/rfm70.o
rfm70_is_present                                  obj/Release/rfm70.o
rfm70_lna_high                                    obj/Release/rfm70.o
rfm70_lna_low                                     obj/Release/rfm70.o
rfm70_lost_packets_count                          obj/Release/rfm70.o
rfm70_lost_packets_reset                          obj/Release/rfm70.o
rfm70_mode_powerdown                              obj/Release/rfm70.o
rfm70_mode_receive                                obj/Release/rfm70.o
rfm70_mode_standby                                obj/Release/rfm70.o
rfm70_mode_transmit                               obj/Release/rfm70.o
rfm70_pipe_autoack                                obj/Release/rfm70.o
rfm70_pipe_enable                                 obj/Release/rfm70.o
rfm70_power                                       obj/Release/rfm70.o
rfm70_receive                                     obj/Release/rfm70.o
rfm70_receive_address_p0                          obj/Release/rfm70.o
rfm70_receive_address_p1                          obj/Release/rfm70.o
rfm70_receive_address_pn                          obj/Release/rfm70.o
rfm70_receive_fifo_empty                          obj/Release/rfm70.o
rfm70_receive_next_length                         obj/Release/rfm70.o
rfm70_receive_next_pipe                           obj/Release/rfm70.o
rfm70_register_read                               obj/Release/rfm70.o
rfm70_register_write                              obj/Release/rfm70.o
rfm70_retransmit_count                            obj/Release/rfm70.o
rfm70_retransmit_delay_attempts                   obj/Release/rfm70.o
rfm70_transmit_address                            obj/Release/rfm70.o
rfm70_transmit_fifo_full                          obj/Release/rfm70.o
rfm70_transmit_message                            obj/Release/rfm70.o
rfm70_transmit_message_once                       obj/Release/rfm70.o
sprintf                                           /usr/lib/gcc/avr/4.7.1/../../../../avr/lib/avr4/libc.a(sprintf.o)
                                                  obj/Release/therm_ds18b20.o
start_timer1                                      obj/Release/timers.o
                                                  obj/Release/main.o
stop_timer1                                       obj/Release/timers.o
strnlen                                           /usr/lib/gcc/avr/4.7.1/../../../../avr/lib/avr4/libc.a(strnlen.o)
                                                  /usr/lib/gcc/avr/4.7.1/../../../../avr/lib/avr4/libc.a(vfprintf_std.o)
strnlen_P                                         /usr/lib/gcc/avr/4.7.1/../../../../avr/lib/avr4/libc.a(strnlen_P.o)
                                                  /usr/lib/gcc/avr/4.7.1/../../../../avr/lib/avr4/libc.a(vfprintf_std.o)
therm_delay                                       obj/Release/therm_ds18b20.o
therm_read_bit                                    obj/Release/therm_ds18b20.o
therm_read_byte                                   obj/Release/therm_ds18b20.o
therm_read_temperature                            obj/Release/therm_ds18b20.o
                                                  obj/Release/timers.o
therm_read_temperature2                           obj/Release/therm_ds18b20.o
therm_reset                                       obj/Release/therm_ds18b20.o
therm_write_bit                                   obj/Release/therm_ds18b20.o
therm_write_byte                                  obj/Release/therm_ds18b20.o
vfprintf                                          /usr/lib/gcc/avr/4.7.1/../../../../avr/lib/avr4/libc.a(vfprintf_std.o)
                                                  /usr/lib/gcc/avr/4.7.1/../../../../avr/lib/avr4/libc.a(sprintf.o)
